reset
set duplicate block elements on

create sphere radius 1.02
create sphere radius 0.98

subtract volume 2 from volume 1

brick x 4 y 4 z 4
move Volume 4 x 0 y -2 z 0 include_merged
subtract volume 4 from volume 3

brick x 4 y 4 z 4
move Volume 5 x -2 y 0 z 0 include_merged
subtract volume 5 from volume 3

brick x 4 y 4 z 4
move Volume 6 x 0 y 0 z -2 include_merged
subtract volume 6 from volume 3

create Cylinder height 4 radius 0.2
#brick x 0.4 y 0.4 z 4

#rotate Volume 5 angle 90  about X include_merged
##move Volume 5 x 0.2 y 0 z 0 include_merged  

chop volume 3 with volume 7 keep

delete volume 3
delete volume 7
 
merge volume all with volume all 
 
#modify curve 74 69  chamfer radius 0.02

#create Displacement  on curve 79  dof 1 dof 2 dof 3 fix 0  
create Displacement  on surface 45 dof 3 fix 0 
create Displacement  on surface 41 47  dof 1 fix 0 
create Displacement  on surface 39 44  dof 2 fix 0  
create pressure  on surface 40  magnitude 1 
#create pressure  on surface 46  magnitude 1
 

 
nodeset 4 vertex 40  
nodeset 4 name 'LoadPath'

volume all scheme Tetmesh 
volume all size auto factor 8
mesh volume all 
 
block 3 tet all  
block 3 element type tetra10

block 1 tet all
block 1 name "MAT_ELASTIC_1" 
block 1 attribute count 10
block 1 attribute index 1 1
block 1 attribute index 2 0.25 
block 1 attribute index 3 0
block 1 attribute index 4 0
block 1 attribute index 5 0
block 1 attribute index 6 0
block 1 attribute index 7 0
block 1 attribute index 8 0
block 1 attribute index 9 0
block 1 attribute index 10 0

block 2 tet all
block 2 name "BODY_FORCES")
block 2 attribute count 4
block 2 attribute index 1 1.
block 2 attribute index 2 0.
block 2 attribute index 3 0.
block 2 attribute index 4 0. 

save as "/Users/likask/MyBuild/mofem-cephas/mofem/meshes/dome_thin_symm.cub" overwrite




