reset
set duplicate block elements on

create Cylinder height 10.000 radius 20.5
create Cylinder height 10.000 radius 19.5
subtract volume 2 from volume 1 

create Displacement on surface 8 dof 1 dof 2 dof 3 fix 0
create Displacement on surface 9 dof 1 dof 2 dof 3 fix  0
#create Displacement on curve 1 dof 1 dof 2 dof 3 fix  0
#create Displacement on curve 2 dof 1 dof 2 dof 3 fix  0

create pressure  on surface 1 magnitude 1 

block 1 volume all        
block 1 name "MAT_ELASTIC_1"         
block 1 attribute count 10        
block 1 attribute index 1 3e7      
block 1 attribute index 2 0.1667         
block 1 attribute index 3 0        
block 1 attribute index 4 0        
block 1 attribute index 5 0        
block 1 attribute index 6 0        
block 1 attribute index 7 0        
block 1 attribute index 8 0        
block 1 attribute index 9 0        
block 1 attribute index 10 0        
    
volume all scheme Tetmesh       
volume all size auto factor 6
mesh volume all       
       
block 3 tet all        
block 3 element type tetra10       
      
save as "/Users/likask/MyBuild/mofem-cephas/mofem/users_modules/nonlinear_elasticity/cylinder.cub" overwrite      
     
   
